2026-08-31 00:24:51,810 [INFO] ======================================================================
2026-08-31 00:24:51,810 [INFO] WPB_TESIS_S03_analisis v0.1 -- inicio de corrida
2026-08-31 00:24:51,811 [INFO] Proyecto: TRANSUR / WPB_TESIS
2026-08-31 00:24:51,811 [INFO] Config: WPB_TESIS_S03_analisis.yaml
2026-08-31 00:24:51,811 [INFO] Identificador de corrida: 2026-08-31T00:24:51
2026-08-31 00:24:51,811 [INFO] Corpus: salidas/WPB_TESIS_001_keywords_S01.csv (separador detectado: ',')
2026-08-31 00:24:51,832 [INFO] Filas leidas: 1294
2026-08-31 00:24:51,832 [INFO] Iteracion derivada del nombre del CSV: 001
2026-08-31 00:24:51,832 [INFO] Modo 'candidatos': se analizan las 1294 filas, curadas o no.
2026-08-31 00:24:51,833 [ERROR] Ninguna fila tiene fecha de defensa utilizable: no hay serie temporal posible. Se aborta (regla F.3).
2026-08-31 00:29:14,553 [INFO] ======================================================================
2026-08-31 00:29:14,554 [INFO] WPB_TESIS_S03_analisis v0.1 -- inicio de corrida
2026-08-31 00:29:14,554 [INFO] Proyecto: TRANSUR / WPB_TESIS
2026-08-31 00:29:14,554 [INFO] Config: WPB_TESIS_S03_analisis.yaml
2026-08-31 00:29:14,554 [INFO] Identificador de corrida: 2026-08-31T00:29:14
2026-08-31 00:29:14,554 [INFO] Corpus: salidas/WPB_TESIS_001_keywords_S01.csv (separador detectado: ',')
2026-08-31 00:29:14,576 [INFO] Filas leidas: 1294
2026-08-31 00:29:14,576 [INFO] Iteracion derivada del nombre del CSV: 001
2026-08-31 00:29:14,576 [INFO] Modo 'candidatos': se analizan las 1294 filas, curadas o no.
2026-08-31 00:29:14,577 [ERROR] Ninguna fila tiene fecha de defensa utilizable: no hay serie temporal posible. Se aborta (regla F.3).
2026-08-31 00:36:19,491 [INFO] ======================================================================
2026-08-31 00:36:19,492 [INFO] WPB_TESIS_S03_analisis v0.2 -- inicio de corrida
2026-08-31 00:36:19,492 [INFO] Proyecto: TRANSUR / WPB_TESIS
2026-08-31 00:36:19,492 [INFO] Config: WPB_TESIS_S03_analisis.yaml
2026-08-31 00:36:19,492 [INFO] Identificador de corrida: 2026-08-31T00:36:19
2026-08-31 00:36:19,492 [INFO] Corpus: salidas/WPB_TESIS_001_keywords_S01.csv (separador detectado: ',')
2026-08-31 00:36:19,517 [INFO] Filas leidas: 1294
2026-08-31 00:36:19,517 [INFO] Iteracion derivada del nombre del CSV: 001
2026-08-31 00:36:19,518 [INFO] Modo 'candidatos': se analizan las 1294 filas, curadas o no.
2026-08-31 00:36:19,519 [INFO] Fechas en 'dateSoutenance': 1294 utilizables, 0 vacias, 0 con formato no reconocido.
2026-08-31 00:36:19,520 [INFO] Roles contados como tribunal: directeurs, president, rapporteurs, examinateurs
2026-08-31 00:36:19,522 [INFO] Filas: 1294  ->  tesis distintas: 1294 (0 filas eran la misma tesis recuperada por varios conceptos).
2026-08-31 00:36:19,522 [INFO] Conceptos presentes en el corpus: 6
2026-08-31 00:36:19,542 [INFO] Series exportadas: 7 archivos.
2026-08-31 00:36:19,564 [INFO] Tesis recuperadas por mas de un concepto: 0
2026-08-31 00:36:19,996 [WARNING] MODULARIDAD 0.945, por encima del umbral 0.85.
2026-08-31 00:36:19,996 [WARNING]   El grafo esta cerca de ser un conjunto de componentes disjuntos. El tribunal de cada tesis es un clique, de modo que con pocas tesis compartiendo jurados la particion reproduce las tesis, no comunidades del campo.
2026-08-31 00:36:19,996 [WARNING]   Los clusters de la figura NO deben leerse como grupos academicos mientras esto se cumpla.
2026-08-31 00:36:20,596 [INFO]   red en GEXF: salidas/analisis/WPB_TESIS_001_S03_red.gexf
2026-08-31 00:36:20,597 [INFO]   se puede abrir en https://retina.cortext.net/ sin conversion previa.
2026-08-31 00:36:20,622 [INFO] Comparacion contra el indice de theses.fr (1985-2026).
2026-08-31 00:36:25,519 [INFO]   resumes.fr                       corpus  99.0%   indice  86.5%
2026-08-31 00:36:26,716 [INFO]   nnt                              corpus 100.0%   indice  97.8%
2026-08-31 00:36:27,938 [INFO]   discipline                       corpus 100.0%   indice 100.0%
2026-08-31 00:36:29,163 [INFO]   datePremiereInscriptionDoctorat  corpus   0.0%   indice   1.6%
2026-08-31 00:36:30,342 [INFO]   etabSoutenanceN                  corpus 100.0%   indice 100.0%
2026-08-31 00:36:31,789 [INFO]   sujets.libelle                   corpus  58.7%   indice   0.0%
2026-08-31 00:36:33,068 [INFO]   sujetsRameau.libelle             corpus  91.0%   indice   0.0%
2026-08-31 00:36:33,885 [INFO]   figura: salidas/analisis/WPB_TESIS_001_S03_concepto_buen_vivir.png
2026-08-31 00:36:34,124 [INFO]   figura: salidas/analisis/WPB_TESIS_001_S03_concepto_conviviality.png
2026-08-31 00:36:34,367 [INFO]   figura: salidas/analisis/WPB_TESIS_001_S03_concepto_decolonial.png
2026-08-31 00:36:34,599 [INFO]   figura: salidas/analisis/WPB_TESIS_001_S03_concepto_pluriverso.png
2026-08-31 00:36:34,830 [INFO]   figura: salidas/analisis/WPB_TESIS_001_S03_concepto_quilombo.png
2026-08-31 00:36:35,066 [INFO]   figura: salidas/analisis/WPB_TESIS_001_S03_concepto_teoria_de_la_dependencia.png
2026-08-31 00:36:35,283 [INFO]   figura: salidas/analisis/WPB_TESIS_001_S03_comparativa.png
2026-08-31 00:36:35,421 [INFO]   figura: salidas/analisis/WPB_TESIS_001_S03_solapamiento.png
2026-08-31 00:36:58,292 [INFO]   figura: salidas/analisis/WPB_TESIS_001_S03_red.png
2026-08-31 00:36:58,293 [INFO] Informe: salidas/analisis/WPB_TESIS_001_S03_informe.txt
2026-08-31 00:36:58,294 [INFO] Configuracion archivada: salidas/analisis/WPB_TESIS_001_S03_config_usado.yaml
2026-08-31 00:36:58,294 [INFO] Corrida terminada. Salidas en salidas/analisis/
2026-08-31 00:45:39,668 [INFO] ======================================================================
2026-08-31 00:45:39,668 [INFO] WPB_TESIS_S03_analisis v0.3 -- inicio de corrida
2026-08-31 00:45:39,668 [INFO] Proyecto: TRANSUR / WPB_TESIS
2026-08-31 00:45:39,668 [INFO] Config: WPB_TESIS_S03_analisis.yaml
2026-08-31 00:45:39,668 [INFO] Identificador de corrida: 2026-08-31T00:45:39
2026-08-31 00:45:39,669 [INFO] Corpus: salidas/WPB_TESIS_001_keywords_S01.csv (separador detectado: ',')
2026-08-31 00:45:39,690 [INFO] Filas leidas: 1294
2026-08-31 00:45:39,690 [INFO] Iteracion derivada del nombre del CSV: 001
2026-08-31 00:45:43,595 [INFO] Modo 'candidatos': se analizan las 1294 filas, curadas o no.
2026-08-31 00:45:43,599 [INFO] Fechas en 'dateSoutenance': 1294 utilizables, 0 vacias, 0 con formato no reconocido.
2026-08-31 00:45:43,601 [INFO] Roles contados como tribunal: directeurs, president, rapporteurs, examinateurs
2026-08-31 00:45:43,605 [INFO] Filas: 1294  ->  tesis distintas: 1294 (0 filas eran la misma tesis recuperada por varios conceptos).
2026-08-31 00:45:43,606 [INFO] Conceptos presentes en el corpus: 6
2026-08-31 00:45:43,636 [INFO] Series exportadas: 7 archivos.
2026-08-31 00:45:43,659 [INFO] Tesis recuperadas por mas de un concepto: 0
2026-08-31 00:45:44,050 [WARNING] MODULARIDAD 0.945, por encima del umbral 0.85.
2026-08-31 00:45:44,050 [WARNING]   El grafo esta cerca de ser un conjunto de componentes disjuntos. El tribunal de cada tesis es un clique, de modo que con pocas tesis compartiendo jurados la particion reproduce las tesis, no comunidades del campo.
2026-08-31 00:45:44,050 [WARNING]   Los clusters de la figura NO deben leerse como grupos academicos mientras esto se cumpla.
2026-08-31 00:45:44,272 [INFO]   red en GEXF: salidas/analisis/WPB_TESIS_001_S03_red.gexf
2026-08-31 00:45:44,272 [INFO]   se puede abrir en https://retina.cortext.net/ sin conversion previa.
2026-08-31 00:45:44,287 [WARNING] Comprobacion de consistencia omitida: defensa_antes_de_inscripcion (la columna 'datePremiereInscriptionDoctorat' esta presente pero VACIA en todo el corpus: no es que no haya contradicciones, es que no se puede comprobar) (regla D.6).
2026-08-31 00:45:44,290 [INFO] Comparacion contra el indice de theses.fr (1985-2026).
2026-08-31 00:45:48,626 [INFO]   resumes.fr                       corpus  99.0%   indice  86.5%
2026-08-31 00:45:49,820 [INFO]   nnt                              corpus 100.0%   indice  97.8%
2026-08-31 00:45:50,990 [INFO]   discipline                       corpus 100.0%   indice 100.0%
2026-08-31 00:45:52,164 [INFO]   datePremiereInscriptionDoctorat  corpus   0.0%   indice   1.6%
2026-08-31 00:45:53,396 [INFO]   etabSoutenanceN                  corpus 100.0%   indice 100.0%
2026-08-31 00:45:54,578 [INFO]   sujetsLibelle                    corpus  58.7%   indice  59.0%
2026-08-31 00:45:55,904 [INFO]   sujetsRameauLibelle              corpus  91.0%   indice  79.6%
2026-08-31 00:45:56,466 [INFO]   figura: salidas/analisis/WPB_TESIS_001_S03_concepto_buen_vivir.png
2026-08-31 00:45:56,706 [INFO]   figura: salidas/analisis/WPB_TESIS_001_S03_concepto_conviviality.png
2026-08-31 00:45:56,948 [INFO]   figura: salidas/analisis/WPB_TESIS_001_S03_concepto_decolonial.png
2026-08-31 00:45:57,181 [INFO]   figura: salidas/analisis/WPB_TESIS_001_S03_concepto_pluriverso.png
2026-08-31 00:45:57,414 [INFO]   figura: salidas/analisis/WPB_TESIS_001_S03_concepto_quilombo.png
2026-08-31 00:45:57,648 [INFO]   figura: salidas/analisis/WPB_TESIS_001_S03_concepto_teoria_de_la_dependencia.png
2026-08-31 00:45:57,868 [INFO]   figura: salidas/analisis/WPB_TESIS_001_S03_comparativa.png
2026-08-31 00:45:58,008 [INFO]   figura: salidas/analisis/WPB_TESIS_001_S03_solapamiento.png
2026-08-31 00:46:20,610 [INFO]   figura: salidas/analisis/WPB_TESIS_001_S03_red.png
2026-08-31 00:46:20,613 [INFO] Informe: salidas/analisis/WPB_TESIS_001_S03_informe.txt
2026-08-31 00:46:20,614 [INFO] Configuracion archivada: salidas/analisis/WPB_TESIS_001_S03_config_usado.yaml
2026-08-31 00:46:20,614 [INFO] Corrida terminada. Salidas en salidas/analisis/
