2026-08-29 13:26:37,947 [INFO] ======================================================================
2026-08-29 13:26:37,947 [INFO] WPB_TESIS_S00_diagnostico3 v0.3 -- inicio
2026-08-29 13:26:37,947 [INFO] Contacto declarado en User-Agent: mmila@nd.edu
2026-08-29 13:26:38,139 [INFO] MATRIZ | titres.fr            | base      | total=44
2026-08-29 13:26:39,337 [INFO] MATRIZ | titres.fr            | acento    | total=44
2026-08-29 13:26:40,534 [INFO] MATRIZ | titres.fr            | femenino  | total=44
2026-08-29 13:26:41,734 [INFO] MATRIZ | titres.fr            | plural    | total=44
2026-08-29 13:26:42,927 [INFO] MATRIZ | titrePrincipal       | base      | total=5
2026-08-29 13:26:44,152 [INFO] MATRIZ | titrePrincipal       | acento    | total=3
2026-08-29 13:26:45,390 [INFO] MATRIZ | titrePrincipal       | femenino  | total=25
2026-08-29 13:26:46,580 [INFO] MATRIZ | titrePrincipal       | plural    | total=4
2026-08-29 13:26:47,774 [INFO] MATRIZ | sujetsLibelle        | base      | total=63
2026-08-29 13:26:48,972 [INFO] MATRIZ | sujetsLibelle        | acento    | total=63
2026-08-29 13:26:50,156 [INFO] MATRIZ | sujetsLibelle        | femenino  | total=29
2026-08-29 13:26:51,343 [INFO] MATRIZ | sujetsLibelle        | plural    | total=0
2026-08-29 13:26:52,530 [INFO] MATRIZ | sujetsRameauLibelle  | base      | total=0
2026-08-29 13:26:53,718 [INFO] MATRIZ | sujetsRameauLibelle  | acento    | total=0
2026-08-29 13:26:54,912 [INFO] MATRIZ | sujetsRameauLibelle  | femenino  | total=0
2026-08-29 13:26:56,104 [INFO] MATRIZ | sujetsRameauLibelle  | plural    | total=0
2026-08-29 13:26:57,293 [INFO] MATRIZ | resumes.fr           | base      | total=165
2026-08-29 13:26:58,478 [INFO] MATRIZ | resumes.fr           | acento    | total=165
2026-08-29 13:26:59,685 [INFO] MATRIZ | resumes.fr           | femenino  | total=165
2026-08-29 13:27:00,874 [INFO] MATRIZ | resumes.fr           | plural    | total=165
2026-08-29 13:27:02,077 [INFO] MATRIZ | discipline           | base      | total=0
2026-08-29 13:27:03,260 [INFO] MATRIZ | discipline           | acento    | total=0
2026-08-29 13:27:04,456 [INFO] MATRIZ | discipline           | femenino  | total=0
2026-08-29 13:27:05,645 [INFO] MATRIZ | discipline           | plural    | total=0
2026-08-29 13:27:09,059 [INFO] FRASE | titres.fr            | directo=3 invertido=0
2026-08-29 13:27:11,486 [INFO] FRASE | titrePrincipal       | directo=4 invertido=0
2026-08-29 13:27:13,869 [INFO] FRASE | sujetsLibelle        | directo=7 invertido=0
2026-08-29 13:27:16,262 [INFO] FRASE | sujetsRameauLibelle  | directo=4 invertido=0
2026-08-29 13:27:18,685 [INFO] FRASE | resumes.fr           | directo=15 invertido=0
2026-08-29 13:27:21,073 [INFO] FRASE | discipline           | directo=0 invertido=0
2026-08-29 13:27:21,074 [INFO] Fin de la tercera ronda. Registro en WPB_TESIS_S00_diagnostico3.log
